// Jest Snapshot v1, https://goo.gl/fbAQLP

exports[`PageMeetups Integration testing should match mount snapshot 1`] = `
<div
  data-v-app=""
>
  <div
    class="container"
  >
    
    <div
      class="filters-panel"
    >
      <div
        class="filters-panel__col"
      >
        <div
          class="radio-group"
        >
          
          <div
            class="radio-group__button"
          >
            <input
              class="radio-group__input"
              id="radio-buttons_date_all"
              name="date"
              type="radio"
            />
            <label
              class="radio-group__label"
              for="radio-buttons_date_all"
            >
              Все
            </label>
          </div>
          <div
            class="radio-group__button"
          >
            <input
              class="radio-group__input"
              id="radio-buttons_date_past"
              name="date"
              type="radio"
            />
            <label
              class="radio-group__label"
              for="radio-buttons_date_past"
            >
              Прошедшие
            </label>
          </div>
          <div
            class="radio-group__button"
          >
            <input
              class="radio-group__input"
              id="radio-buttons_date_future"
              name="date"
              type="radio"
            />
            <label
              class="radio-group__label"
              for="radio-buttons_date_future"
            >
              Ожидаемые
            </label>
          </div>
          
        </div>
      </div>
      <div
        class="filters-panel__col"
      >
        <div
          class="form-group form-group_inline"
        >
          <div
            class="input-group input-group_icon input-group_icon-left"
          >
            <div
              class="input-group__icon"
            >
              
              <img
                alt="search"
                class="icon"
                src=""
              />
              
            </div>
            <input
              class="form-control form-control_rounded form-control_sm"
              modelmodifiers="[object Object]"
              placeholder="Поиск"
              type="search"
            />
            <!-- Или вместо customModel: -->
            <!-- :value="modelValue"-->
            <!-- @input="$emit('update:modelValue', $event.target.value)"-->
          </div>
        </div>
        <div
          class="form-group form-group_inline"
        >
          <div
            class="button-group"
            role="group"
          >
            <button
              aria-label="Список"
              aria-selected="true"
              class="button-group__button button-group__button_active"
              type="button"
            >
              <svg
                fill="none"
                height="28"
                viewBox="0 0 28 28"
                width="28"
                xmlns="http://www.w3.org/2000/svg"
              >
                <path
                  clip-rule="evenodd"
                  d="m5 7c-.55228 0-1 .44772-1 1s.44772 1 1 1h.01c.55228 0 1-.44772 1-1s-.44772-1-1-1zm5 0c-.55228 0-1 .44772-1 1s.44772 1 1 1h13c.5523 0 1-.44772 1-1s-.4477-1-1-1zm0 6c-.55228 0-1 .4477-1 1s.44772 1 1 1h13c.5523 0 1-.4477 1-1s-.4477-1-1-1zm-1 7c0-.5523.44772-1 1-1h13c.5523 0 1 .4477 1 1s-.4477 1-1 1h-13c-.55228 0-1-.4477-1-1zm-5-6c0-.5523.44772-1 1-1h.01c.55228 0 1 .4477 1 1s-.44772 1-1 1h-.01c-.55228 0-1-.4477-1-1zm1 5c-.55228 0-1 .4477-1 1s.44772 1 1 1h.01c.55228 0 1-.4477 1-1s-.44772-1-1-1z"
                  fill-rule="evenodd"
                />
              </svg>
            </button>
            <button
              aria-label="Календарь"
              aria-selected="false"
              class="button-group__button"
              type="button"
            >
              <svg
                height="22"
                viewBox="0 0 20 22"
                width="20"
                xmlns="http://www.w3.org/2000/svg"
              >
                <path
                  clip-rule="evenodd"
                  d="m15 1c0-.552285-.4477-1-1-1s-1 .447715-1 1v1h-6v-1c0-.552285-.44772-1-1-1s-1 .447715-1 1v1h-2c-1.65685 0-3 1.34315-3 3v14c0 1.6569 1.34315 3 3 3h14c1.6569 0 3-1.3431 3-3v-14c0-1.65685-1.3431-3-3-3h-2zm3 7v-3c0-.55228-.4477-1-1-1h-2v1c0 .55228-.4477 1-1 1s-1-.44772-1-1v-1h-6v1c0 .55228-.44772 1-1 1s-1-.44772-1-1v-1h-2c-.55228 0-1 .44772-1 1v3zm-16 2h16v9c0 .5523-.4477 1-1 1h-14c-.55228 0-1-.4477-1-1z"
                  fill-rule="evenodd"
                />
              </svg>
            </button>
          </div>
        </div>
      </div>
    </div>
    <ul
      class="meetups-list"
    >
      
      <li
        class="meetups-list__item"
      >
        <a
          class="meetups-list__item-link"
          href="/meetups/2"
          tabindex="0"
        >
          <article
            class="card meetup-card"
          >
            <div
              class="card__col"
            >
              <div
                class="card__cover"
              >
                <header>
                  
                  Демо-Митап
                  
                </header>
              </div>
            </div>
            <div
              class="card__col"
            >
              <div
                class="card__content"
              >
                
                <span
                  class="badge badge_success meetup-card__badge"
                >
                  
                  Организую
                  
                </span>
                <!--v-if-->
                <ul
                  class="meetup-info"
                >
                  <li
                    class="meetup-info__item"
                  >
                    <img
                      alt="user"
                      class="icon meetup-info__icon"
                      src=""
                    />
                     Demo Organizer
                  </li>
                  <li
                    class="meetup-info__item"
                  >
                    <img
                      alt="map"
                      class="icon meetup-info__icon"
                      src=""
                    />
                     Internet
                  </li>
                  <li
                    class="meetup-info__item"
                  >
                    <img
                      alt="cal-lg"
                      class="icon meetup-info__icon"
                      src=""
                    />
                    <time
                      datetime="2020-06-18"
                    >
                      June 18, 2020
                    </time>
                  </li>
                </ul>
                
              </div>
            </div>
          </article>
        </a>
      </li>
      <li
        class="meetups-list__item"
      >
        <a
          class="meetups-list__item-link"
          href="/meetups/5"
          tabindex="0"
        >
          <article
            class="card meetup-card"
          >
            <div
              class="card__col"
            >
              <div
                class="card__cover"
              >
                <header>
                  
                  Vue.js Moscow #3 - Ozon
                  
                </header>
              </div>
            </div>
            <div
              class="card__col"
            >
              <div
                class="card__content"
              >
                
                <!--v-if-->
                <!--v-if-->
                <ul
                  class="meetup-info"
                >
                  <li
                    class="meetup-info__item"
                  >
                    <img
                      alt="user"
                      class="icon meetup-info__icon"
                      src=""
                    />
                     Eugeny F.
                  </li>
                  <li
                    class="meetup-info__item"
                  >
                    <img
                      alt="map"
                      class="icon meetup-info__icon"
                      src=""
                    />
                     Москва, Офис компании Mail.Ru Group
                  </li>
                  <li
                    class="meetup-info__item"
                  >
                    <img
                      alt="cal-lg"
                      class="icon meetup-info__icon"
                      src=""
                    />
                    <time
                      datetime="2020-05-12"
                    >
                      May 12, 2020
                    </time>
                  </li>
                </ul>
                
              </div>
            </div>
          </article>
        </a>
      </li>
      <li
        class="meetups-list__item"
      >
        <a
          class="meetups-list__item-link"
          href="/meetups/6"
          tabindex="0"
        >
          <article
            class="card meetup-card"
          >
            <div
              class="card__col"
            >
              <div
                class="card__cover"
              >
                <header>
                  
                  VueConf US
                  
                </header>
              </div>
            </div>
            <div
              class="card__col"
            >
              <div
                class="card__content"
              >
                
                <!--v-if-->
                <!--v-if-->
                <ul
                  class="meetup-info"
                >
                  <li
                    class="meetup-info__item"
                  >
                    <img
                      alt="user"
                      class="icon meetup-info__icon"
                      src=""
                    />
                     Evan You
                  </li>
                  <li
                    class="meetup-info__item"
                  >
                    <img
                      alt="map"
                      class="icon meetup-info__icon"
                      src=""
                    />
                     USA, AUSTIN CONVENTION CENTER
                  </li>
                  <li
                    class="meetup-info__item"
                  >
                    <img
                      alt="cal-lg"
                      class="icon meetup-info__icon"
                      src=""
                    />
                    <time
                      datetime="2020-05-12"
                    >
                      May 12, 2020
                    </time>
                  </li>
                </ul>
                
              </div>
            </div>
          </article>
        </a>
      </li>
      <li
        class="meetups-list__item"
      >
        <a
          class="meetups-list__item-link"
          href="/meetups/1"
          tabindex="0"
        >
          <article
            class="card meetup-card"
          >
            <div
              class="card__col"
            >
              <div
                class="card__cover"
              >
                <header>
                  
                  MSK VUE.JS MEETUP #1
                  
                </header>
              </div>
            </div>
            <div
              class="card__col"
            >
              <div
                class="card__content"
              >
                
                <!--v-if-->
                <span
                  class="badge badge_primary meetup-card__badge"
                >
                  
                  Участвую
                  
                </span>
                <ul
                  class="meetup-info"
                >
                  <li
                    class="meetup-info__item"
                  >
                    <img
                      alt="user"
                      class="icon meetup-info__icon"
                      src=""
                    />
                     Игорь Ш.
                  </li>
                  <li
                    class="meetup-info__item"
                  >
                    <img
                      alt="map"
                      class="icon meetup-info__icon"
                      src=""
                    />
                     Москва, офис Voximplant (ул. Мытная 66)
                  </li>
                  <li
                    class="meetup-info__item"
                  >
                    <img
                      alt="cal-lg"
                      class="icon meetup-info__icon"
                      src=""
                    />
                    <time
                      datetime="2020-05-08"
                    >
                      May 8, 2020
                    </time>
                  </li>
                </ul>
                
              </div>
            </div>
          </article>
        </a>
      </li>
      <li
        class="meetups-list__item"
      >
        <a
          class="meetups-list__item-link"
          href="/meetups/4"
          tabindex="0"
        >
          <article
            class="card meetup-card"
          >
            <div
              class="card__col"
            >
              <div
                class="card__cover"
              >
                <header>
                  
                  Vue.js Moscow Meetup #2 - Mail.ru
                  
                </header>
              </div>
            </div>
            <div
              class="card__col"
            >
              <div
                class="card__content"
              >
                
                <!--v-if-->
                <!--v-if-->
                <ul
                  class="meetup-info"
                >
                  <li
                    class="meetup-info__item"
                  >
                    <img
                      alt="user"
                      class="icon meetup-info__icon"
                      src=""
                    />
                     Eugeny F.
                  </li>
                  <li
                    class="meetup-info__item"
                  >
                    <img
                      alt="map"
                      class="icon meetup-info__icon"
                      src=""
                    />
                     Москва, Офис компании Mail.Ru Group
                  </li>
                  <li
                    class="meetup-info__item"
                  >
                    <img
                      alt="cal-lg"
                      class="icon meetup-info__icon"
                      src=""
                    />
                    <time
                      datetime="2020-05-05"
                    >
                      May 5, 2020
                    </time>
                  </li>
                </ul>
                
              </div>
            </div>
          </article>
        </a>
      </li>
      <li
        class="meetups-list__item"
      >
        <a
          class="meetups-list__item-link"
          href="/meetups/3"
          tabindex="0"
        >
          <article
            class="card meetup-card"
          >
            <div
              class="card__col"
            >
              <div
                class="card__cover"
              >
                <header>
                  
                  Vue.js Moscow Meetup #1
                  
                </header>
              </div>
            </div>
            <div
              class="card__col"
            >
              <div
                class="card__content"
              >
                
                <!--v-if-->
                <span
                  class="badge badge_primary meetup-card__badge"
                >
                  
                  Участвую
                  
                </span>
                <ul
                  class="meetup-info"
                >
                  <li
                    class="meetup-info__item"
                  >
                    <img
                      alt="user"
                      class="icon meetup-info__icon"
                      src=""
                    />
                     Eugeny F.
                  </li>
                  <li
                    class="meetup-info__item"
                  >
                    <img
                      alt="map"
                      class="icon meetup-info__icon"
                      src=""
                    />
                     Москва, Физтехпарк, офис Acronis
                  </li>
                  <li
                    class="meetup-info__item"
                  >
                    <img
                      alt="cal-lg"
                      class="icon meetup-info__icon"
                      src=""
                    />
                    <time
                      datetime="2020-04-22"
                    >
                      April 22, 2020
                    </time>
                  </li>
                </ul>
                
              </div>
            </div>
          </article>
        </a>
      </li>
      
    </ul>
    
  </div>
</div>
`;

exports[`PageMeetups Unit testing should match shallowMount snapshot 1`] = `
<div
  data-v-app=""
>
  <ui-container-stub>
    <div
      class="filters-panel"
    >
      <div
        class="filters-panel__col"
      >
        <ui-radio-group-stub
          modelvalue="all"
          name="date"
          options="[object Object],[object Object],[object Object]"
        />
      </div>
      <div
        class="filters-panel__col"
      >
        <div
          class="form-group form-group_inline"
        >
          <ui-input-stub
            modelmodifiers="[object Object]"
            modelvalue=""
            placeholder="Поиск"
            rounded="true"
            small="true"
            type="search"
          />
        </div>
        <div
          class="form-group form-group_inline"
        >
          <ui-button-group-stub
            view="list"
          />
        </div>
      </div>
    </div>
    <keep-alive-stub
      include="MeetupsCalendar"
    >
      <meetups-list-stub
        meetups="[object Object],[object Object],[object Object],[object Object],[object Object],[object Object]"
      />
    </keep-alive-stub>
  </ui-container-stub>
</div>
`;
